15:29:23 === WAVE sprint 01_foundation : 5 models ===
15:29:23 RUN  v2_claude_opus_5 sprint 01_foundation ...
16:14:36 DONE v2_claude_opus_5 — ok exit=0 tokens=35873653 cost=$25.287852
16:14:36 RUN  v2_claude_opus_4_8 sprint 01_foundation ...
16:46:43 DONE v2_claude_opus_4_8 — ok exit=0 tokens=20424009 cost=$15.244618499999998
16:46:43 RUN  v2_claude_fable_5_1 sprint 01_foundation ...
17:14:49 === WAVE sprint 01_foundation : 5 models ===
17:14:49 SKIP v2_claude_opus_5 (sprint 01_foundation already done)
17:14:49 SKIP v2_claude_opus_4_8 (sprint 01_foundation already done)
17:14:49 RUN  v2_claude_fable_5_1 sprint 01_foundation ...
17:44:01 DONE v2_claude_fable_5_1 — ok exit=0 tokens=7356900 cost=$8.013944500000001
17:44:01 RUN  v2_claude_fable_5 sprint 01_foundation ...
18:05:11 DONE v2_claude_fable_5 — ok exit=0 tokens=11132059 cost=$17.880553
18:05:11 RUN  v2_claude_sonnet_5 sprint 01_foundation ...
18:37:55 DONE v2_claude_sonnet_5 — ok exit=0 tokens=39644732 cost=$10.304783000000002
18:37:55 === WAVE sprint 01_foundation complete ===
19:42:12 === WAVE sprint 01_foundation : 1 models ===
19:42:12 RUN  v2_claude_fable_5_1 sprint 01_foundation ...
20:05:49 DONE v2_claude_fable_5_1 — ok exit=0 tokens=7841326 cost=$8.286788499999997
20:05:49 === WAVE sprint 01_foundation complete ===
05:44:21 === WAVE sprint 01_foundation : 6 models ===
05:44:21 RUN  v2_gpt_5_6_sol sprint 01_foundation ...
07:00:49 DONE v2_gpt_5_6_sol — ok exit=0 tokens=14039115 cost=$9.3958
07:00:49 RUN  v2_gpt_5_6_terra sprint 01_foundation ...
07:22:39 DONE v2_gpt_5_6_terra — ok exit=0 tokens=8449206 cost=$3.082
07:22:39 RUN  v2_gpt_5_6_luna sprint 01_foundation ...
07:43:15 DONE v2_gpt_5_6_luna — ok exit=0 tokens=12154041 cost=$1.8338
07:43:15 RUN  v2_gpt_5_5 sprint 01_foundation ...
08:11:09 DONE v2_gpt_5_5 — ok exit=0 tokens=12973520 cost=$9.6791
08:11:09 RUN  v2_gemini_3_7_flash_high sprint 01_foundation ...
08:24:05 DONE v2_gemini_3_7_flash_high — ok exit=0 tokens=19984945 cost=$2.4123
08:24:05 RUN  v2_grok_4_5 sprint 01_foundation ...
08:31:43 DONE v2_grok_4_5 — ok exit=0 tokens=1824047 cost=$0.9431
08:31:43 === WAVE sprint 01_foundation complete ===
02:38:21 === WAVE sprint 01_foundation : 13 models ===
02:38:21 RUN  v2_claude_sonnet_4_6 sprint 01_foundation ...
02:52:15 DONE v2_claude_sonnet_4_6 — ok exit=0 tokens=9884331 cost=$4.1911904999999985
02:52:15 RUN  v2_deepseek_v4_pro sprint 01_foundation ...
03:16:50 DONE v2_deepseek_v4_pro — ok exit=0 tokens=9564072 cost=$1.5245
03:16:50 RUN  v2_deepseek_v4_flash_0731 sprint 01_foundation ...
03:51:04 DNF  v2_deepseek_v4_flash_0731 — stall_aborted (dropped from remaining sprints)
03:51:04 RUN  v2_deepseek_v4_flash sprint 01_foundation ...
04:34:47 DONE v2_deepseek_v4_flash — ok exit=0 tokens=19103882 cost=$0.4321
04:34:47 RUN  v2_glm_5_3 sprint 01_foundation ...
04:36:05 DNF  v2_glm_5_3 — exit=1 tokens=0 (crash/auth, no real work) (dropped from remaining sprints)
04:36:05 RUN  v2_glm_5_2 sprint 01_foundation ...
04:37:20 DNF  v2_glm_5_2 — exit=1 tokens=0 (crash/auth, no real work) (dropped from remaining sprints)
04:37:20 RUN  v2_qwen3_8_max sprint 01_foundation ...
04:37:21 DNF  v2_qwen3_8_max — exit=1 tokens=0 (crash/auth, no real work) (dropped from remaining sprints)
04:37:21 RUN  v2_qwen3_7_max sprint 01_foundation ...
04:56:36 DONE v2_qwen3_7_max — ok exit=0 tokens=5422195 cost=$2.3063
04:56:36 RUN  v2_kimi_k2_7_coding sprint 01_foundation ...
05:58:21 DONE v2_kimi_k2_7_coding — ok exit=-15 tokens=18440665 cost=$3.2051
05:58:21 RUN  v2_kimi_k2_6 sprint 01_foundation ...
06:39:05 DONE v2_kimi_k2_6 — ok exit=0 tokens=4495567 cost=$3.1144
06:39:05 RUN  v2_mistral_large_3 sprint 01_foundation ...
06:43:43 DONE v2_mistral_large_3 — ok exit=0 tokens=2464445 cost=$0.291
06:43:43 RUN  v2_minimax_m3 sprint 01_foundation ...
07:19:15 DONE v2_minimax_m3 — ok exit=0 tokens=34405450 cost=$2.2975
07:19:15 RUN  v2_gemini_3_1_pro sprint 01_foundation ...
07:24:21 DONE v2_gemini_3_1_pro — ok exit=1 tokens=1380260 cost=$0.9453
07:24:21 === WAVE sprint 01_foundation complete ===
07:40:24 === WAVE sprint 01_foundation : 2 models ===
07:40:24 RUN  v2_qwen3_8_max sprint 01_foundation ...
07:40:25 DNF  v2_qwen3_8_max — exit=1 tokens=0 (crash/auth, no real work) (dropped from remaining sprints)
07:40:25 RUN  v2_deepseek_v4_flash_0731 sprint 01_foundation ...
09:10:26 DONE v2_deepseek_v4_flash_0731 — ok exit=-15 tokens=33066945 cost=$0.8486
09:10:26 === WAVE sprint 01_foundation complete ===
03:45:54 === WAVE sprint 01_foundation : 5 models ===
03:45:54 RUN  v2_qwen3_8_flash sprint 01_foundation ...
04:10:09 DONE v2_qwen3_8_flash — ok exit=0 tokens=9177344 cost=$0.2112
04:10:09 RUN  v2_step_3_7_flash sprint 01_foundation ...
04:20:29 DONE v2_step_3_7_flash — ok exit=0 tokens=12993077 cost=$0.5768
04:20:29 RUN  v2_mimo_v2_5_pro sprint 01_foundation ...
04:53:46 DONE v2_mimo_v2_5_pro — ok exit=0 tokens=11519343 cost=$0.4527
04:53:46 RUN  v2_muse_spark_1_3 sprint 01_foundation ...
05:17:06 DONE v2_muse_spark_1_3 — ok exit=0 tokens=10679532 cost=$2.3939
05:17:06 RUN  v2_nemotron_3_super sprint 01_foundation ...
05:20:56 DONE v2_nemotron_3_super — ok exit=1 tokens=130725 cost=$0.0128
05:20:56 === WAVE sprint 01_foundation complete ===
15:41:11 === WAVE sprint 01_foundation : 6 models ===
15:41:11 RUN  v2_codestral_2508 sprint 01_foundation ...
15:41:30 DONE v2_codestral_2508 — ok exit=0 tokens=34667 cost=$0.0049
15:41:30 RUN  v2_devstral_2512 sprint 01_foundation ...
15:49:33 DONE v2_devstral_2512 — ok exit=0 tokens=8337642 cost=$0.4313
15:49:33 RUN  v2_gpt_oss_120b sprint 01_foundation ...
15:54:36 DONE v2_gpt_oss_120b — ok exit=0 tokens=343039 cost=$0.0135
15:54:36 RUN  v2_hunyuan_a13b sprint 01_foundation ...
15:54:37 DNF  v2_hunyuan_a13b — exit=1 tokens=0 (crash/auth, no real work) (dropped from remaining sprints)
15:54:37 RUN  v2_llama_4_maverick sprint 01_foundation ...
15:59:53 DONE v2_llama_4_maverick — ok exit=0 tokens=1293214 cost=$0.1768
15:59:53 RUN  v2_qwen3_8_27b_local sprint 01_foundation ...
16:00:58 DNF  v2_qwen3_8_27b_local — exit=1 tokens=0 (crash/auth, no real work) (dropped from remaining sprints)
16:00:58 === WAVE sprint 01_foundation complete ===
