18:49:05 === WAVE sprint 02_multiuser : 5 models ===
18:49:05 RUN  v2_claude_opus_5 sprint 02_multiuser ...
19:06:12 DONE v2_claude_opus_5 — ok exit=0 tokens=7314583 cost=$6.815752
19:06:12 RUN  v2_claude_opus_4_8 sprint 02_multiuser ...
19:16:45 DONE v2_claude_opus_4_8 — ok exit=0 tokens=4890086 cost=$4.306912500000001
19:16:45 RUN  v2_claude_fable_5_1 sprint 02_multiuser ...
19:21:15 DONE v2_claude_fable_5_1 — ok exit=0 tokens=1360820 cost=$1.5403589999999996
19:21:15 RUN  v2_claude_fable_5 sprint 02_multiuser ...
19:29:46 DONE v2_claude_fable_5 — ok exit=0 tokens=2936893 cost=$6.090811999999999
19:29:46 RUN  v2_claude_sonnet_5 sprint 02_multiuser ...
20:06:11 === WAVE sprint 02_multiuser : 2 models ===
20:06:11 RUN  v2_claude_sonnet_5 sprint 02_multiuser ...
20:12:06 DONE v2_claude_sonnet_5 — ok exit=0 tokens=2228871 cost=$0.9262484000000002
20:12:06 RUN  v2_claude_fable_5_1 sprint 02_multiuser ...
20:16:28 DONE v2_claude_fable_5_1 — ok exit=0 tokens=1256537 cost=$1.5216964999999996
20:16:28 === WAVE sprint 02_multiuser complete ===
08:38:35 === WAVE sprint 02_multiuser : 6 models ===
08:38:35 RUN  v2_gpt_5_6_sol sprint 02_multiuser ...
09:04:35 DONE v2_gpt_5_6_sol — ok exit=0 tokens=5305384 cost=$5.0939
09:04:35 RUN  v2_gpt_5_6_terra sprint 02_multiuser ...
09:14:13 DONE v2_gpt_5_6_terra — ok exit=0 tokens=1770229 cost=$1.001
09:14:13 RUN  v2_gpt_5_6_luna sprint 02_multiuser ...
09:28:09 DONE v2_gpt_5_6_luna — ok exit=0 tokens=3462955 cost=$0.7474
09:28:09 RUN  v2_gpt_5_5 sprint 02_multiuser ...
09:38:46 DONE v2_gpt_5_5 — ok exit=0 tokens=2736532 cost=$3.0271
09:38:46 RUN  v2_gemini_3_7_flash_high sprint 02_multiuser ...
09:46:59 DONE v2_gemini_3_7_flash_high — ok exit=0 tokens=10444423 cost=$1.4529
09:46:59 RUN  v2_grok_4_5 sprint 02_multiuser ...
09:52:40 DONE v2_grok_4_5 — ok exit=0 tokens=913703 cost=$0.6537
09:52:40 === WAVE sprint 02_multiuser complete ===
09:41:28 === WAVE sprint 02_multiuser : 9 models ===
09:41:28 RUN  v2_claude_sonnet_4_6 sprint 02_multiuser ...
10:16:13 DONE v2_claude_sonnet_4_6 — ok exit=0 tokens=9007779 cost=$5.313418600000001
10:16:13 RUN  v2_deepseek_v4_pro sprint 02_multiuser ...
10:30:30 DONE v2_deepseek_v4_pro — ok exit=0 tokens=4615395 cost=$0.6407
10:30:30 RUN  v2_deepseek_v4_flash sprint 02_multiuser ...
10:36:34 DONE v2_deepseek_v4_flash — ok exit=0 tokens=3541896 cost=$0.0804
10:36:34 RUN  v2_deepseek_v4_flash_0731 sprint 02_multiuser ...
10:59:55 DONE v2_deepseek_v4_flash_0731 — ok exit=0 tokens=7427774 cost=$0.2219
10:59:55 RUN  v2_qwen3_7_max sprint 02_multiuser ...
11:12:32 DONE v2_qwen3_7_max — ok exit=0 tokens=1830008 cost=$0.9869
11:12:32 RUN  v2_kimi_k2_7_coding sprint 02_multiuser ...
11:40:34 DONE v2_kimi_k2_7_coding — ok exit=-15 tokens=6487543 cost=$1.162
11:40:34 RUN  v2_mistral_large_3 sprint 02_multiuser ...
11:44:50 DONE v2_mistral_large_3 — ok exit=0 tokens=1895785 cost=$0.1975
11:44:50 RUN  v2_minimax_m3 sprint 02_multiuser ...
12:07:55 DONE v2_minimax_m3 — ok exit=0 tokens=17019521 cost=$1.3799
12:07:55 RUN  v2_gemini_3_1_pro sprint 02_multiuser ...
12:28:30 DONE v2_gemini_3_1_pro — ok exit=0 tokens=6316496 cost=$3.9496
12:28:30 === WAVE sprint 02_multiuser complete ===
05:38:22 === WAVE sprint 02_multiuser : 5 models ===
05:38:22 RUN  v2_qwen3_8_flash sprint 02_multiuser ...
05:39:54 DONE v2_qwen3_8_flash — ok exit=0 tokens=309674 cost=$0.0154
05:39:54 RUN  v2_step_3_7_flash sprint 02_multiuser ...
05:44:43 DONE v2_step_3_7_flash — ok exit=0 tokens=3706119 cost=$0.1911
05:44:43 RUN  v2_mimo_v2_5_pro sprint 02_multiuser ...
06:16:26 DONE v2_mimo_v2_5_pro — ok exit=0 tokens=5690540 cost=$0.1093
06:16:26 RUN  v2_muse_spark_1_3 sprint 02_multiuser ...
06:25:53 DONE v2_muse_spark_1_3 — ok exit=0 tokens=2690648 cost=$0.6409
06:25:53 RUN  v2_nemotron_3_super sprint 02_multiuser ...
06:27:07 DNF  v2_nemotron_3_super — exit=1 tokens=0 (crash/auth, no real work) (dropped from remaining sprints)
06:27:07 === WAVE sprint 02_multiuser complete ===
16:38:51 === WAVE sprint 02_multiuser : 1 models ===
16:38:51 RUN  v2_gpt_oss_120b sprint 02_multiuser ...
16:39:08 DONE v2_gpt_oss_120b — ok exit=0 tokens=39015 cost=$0.0011
16:39:08 === WAVE sprint 02_multiuser complete ===
17:38:31 === WAVE sprint 02_multiuser : 1 models ===
17:38:31 RUN  v2_gpt_oss_120b sprint 02_multiuser ...
17:38:51 DONE v2_gpt_oss_120b — ok exit=0 tokens=28114 cost=$0.0011
17:38:51 === WAVE sprint 02_multiuser complete ===
