20:26:06 === WAVE sprint 03_admin : 5 models ===
20:26:06 RUN  v2_claude_opus_5 sprint 03_admin ...
20:36:53 DONE v2_claude_opus_5 — ok exit=0 tokens=5835382 cost=$5.012913999999999
20:36:53 RUN  v2_claude_opus_4_8 sprint 03_admin ...
20:47:43 DONE v2_claude_opus_4_8 — ok exit=0 tokens=4124000 cost=$3.7480805000000004
20:47:43 RUN  v2_claude_fable_5_1 sprint 03_admin ...
21:06:10 DONE v2_claude_fable_5_1 — ok exit=0 tokens=8611284 cost=$7.095672499999997
21:06:10 RUN  v2_claude_fable_5 sprint 03_admin ...
21:13:17 DONE v2_claude_fable_5 — ok exit=0 tokens=2803645 cost=$5.553927
21:13:17 RUN  v2_claude_sonnet_5 sprint 03_admin ...
21:24:08 DONE v2_claude_sonnet_5 — ok exit=0 tokens=7374365 cost=$2.2320852000000007
21:24:08 === WAVE sprint 03_admin complete ===
12:44:06 === WAVE sprint 03_admin : 6 models ===
12:44:06 RUN  v2_gpt_5_6_sol sprint 03_admin ...
13:01:04 DONE v2_gpt_5_6_sol — ok exit=0 tokens=2640646 cost=$2.8799
13:01:04 RUN  v2_gpt_5_6_terra sprint 03_admin ...
13:09:28 DONE v2_gpt_5_6_terra — ok exit=0 tokens=1390751 cost=$0.8224
13:09:28 RUN  v2_gpt_5_6_luna sprint 03_admin ...
13:22:04 DONE v2_gpt_5_6_luna — ok exit=0 tokens=3005086 cost=$0.7012
13:22:04 RUN  v2_gpt_5_5 sprint 03_admin ...
13:34:14 DONE v2_gpt_5_5 — ok exit=0 tokens=3936015 cost=$3.8848
13:34:14 RUN  v2_gemini_3_7_flash_high sprint 03_admin ...
13:45:38 DONE v2_gemini_3_7_flash_high — ok exit=0 tokens=8761993 cost=$1.2511
13:45:38 RUN  v2_grok_4_5 sprint 03_admin ...
13:51:28 DONE v2_grok_4_5 — ok exit=0 tokens=1023995 cost=$0.77
13:51:28 === WAVE sprint 03_admin complete ===
12:43:33 === WAVE sprint 03_admin : 9 models ===
12:43:33 RUN  v2_claude_sonnet_4_6 sprint 03_admin ...
13:05:49 === WAVE sprint 03_admin : 9 models ===
13:05:49 RUN  v2_claude_sonnet_4_6 sprint 03_admin ...
13:33:27 === WAVE sprint 03_admin : 9 models ===
13:33:27 RUN  v2_claude_sonnet_4_6 sprint 03_admin ...
13:37:26 DONE v2_claude_sonnet_4_6 — ok exit=0 tokens=685311 cost=$0.65264195
13:37:26 RUN  v2_deepseek_v4_pro sprint 03_admin ...
13:43:11 DONE v2_deepseek_v4_pro — ok exit=0 tokens=1422648 cost=$0.2033
13:43:11 RUN  v2_deepseek_v4_flash sprint 03_admin ...
13:55:13 DONE v2_deepseek_v4_flash — ok exit=0 tokens=2103786 cost=$0.0471
13:55:13 RUN  v2_deepseek_v4_flash_0731 sprint 03_admin ...
14:06:13 DONE v2_deepseek_v4_flash_0731 — ok exit=0 tokens=4428841 cost=$0.0788
14:06:13 RUN  v2_qwen3_7_max sprint 03_admin ...
14:17:44 DONE v2_qwen3_7_max — ok exit=0 tokens=1918633 cost=$0.902
14:17:44 RUN  v2_kimi_k2_7_coding sprint 03_admin ...
14:31:44 DONE v2_kimi_k2_7_coding — ok exit=0 tokens=2182284 cost=$0.4089
14:31:44 RUN  v2_mistral_large_3 sprint 03_admin ...
14:34:16 DONE v2_mistral_large_3 — ok exit=0 tokens=1080381 cost=$0.1431
14:34:16 RUN  v2_minimax_m3 sprint 03_admin ...
14:46:50 DONE v2_minimax_m3 — ok exit=0 tokens=10747491 cost=$0.7541
14:46:50 RUN  v2_gemini_3_1_pro sprint 03_admin ...
14:51:06 DONE v2_gemini_3_1_pro — ok exit=1 tokens=798284 cost=$0.5552
14:51:06 === WAVE sprint 03_admin complete ===
06:43:29 === WAVE sprint 03_admin : 4 models ===
06:43:29 RUN  v2_qwen3_8_flash sprint 03_admin ...
07:08:14 DONE v2_qwen3_8_flash — ok exit=0 tokens=3817389 cost=$0.1315
07:08:14 RUN  v2_step_3_7_flash sprint 03_admin ...
07:36:21 DONE v2_step_3_7_flash — ok exit=1 tokens=37557547 cost=$1.6297
07:36:21 RUN  v2_mimo_v2_5_pro sprint 03_admin ...
07:47:09 DONE v2_mimo_v2_5_pro — ok exit=0 tokens=3441863 cost=$0.0755
07:47:09 RUN  v2_muse_spark_1_3 sprint 03_admin ...
08:11:52 DONE v2_muse_spark_1_3 — ok exit=0 tokens=9733104 cost=$1.9595
08:11:52 === WAVE sprint 03_admin complete ===
