22:42:08 === WAVE sprint 04_reports : 5 models ===
22:42:08 RUN  v2_claude_opus_5 sprint 04_reports ...
22:56:55 DONE v2_claude_opus_5 — ok exit=0 tokens=5851498 cost=$5.651045499999999
22:56:55 RUN  v2_claude_opus_4_8 sprint 04_reports ...
23:04:53 DONE v2_claude_opus_4_8 — ok exit=0 tokens=2768125 cost=$2.8351539999999997
23:04:53 RUN  v2_claude_fable_5_1 sprint 04_reports ...
23:22:57 DONE v2_claude_fable_5_1 — ok exit=0 tokens=7885270 cost=$7.777563
23:22:57 RUN  v2_claude_fable_5 sprint 04_reports ...
23:30:27 DONE v2_claude_fable_5 — ok exit=0 tokens=2197611 cost=$5.265687000000001
23:30:27 RUN  v2_claude_sonnet_5 sprint 04_reports ...
23:41:49 DONE v2_claude_sonnet_5 — ok exit=0 tokens=4406196 cost=$2.0428908
23:41:49 === WAVE sprint 04_reports complete ===
14:59:25 === WAVE sprint 04_reports : 6 models ===
14:59:25 RUN  v2_gpt_5_6_sol sprint 04_reports ...
15:17:11 DONE v2_gpt_5_6_sol — ok exit=0 tokens=2872194 cost=$2.9973
15:17:11 RUN  v2_gpt_5_6_terra sprint 04_reports ...
15:24:13 DONE v2_gpt_5_6_terra — ok exit=0 tokens=922671 cost=$0.6333
15:24:13 RUN  v2_gpt_5_6_luna sprint 04_reports ...
15:36:52 DONE v2_gpt_5_6_luna — ok exit=0 tokens=5247940 cost=$0.9452
15:36:52 RUN  v2_gpt_5_5 sprint 04_reports ...
15:46:37 DONE v2_gpt_5_5 — ok exit=0 tokens=2114941 cost=$2.6759
15:46:37 RUN  v2_gemini_3_7_flash_high sprint 04_reports ...
15:57:58 DONE v2_gemini_3_7_flash_high — ok exit=0 tokens=9437199 cost=$1.552
15:57:58 RUN  v2_grok_4_5 sprint 04_reports ...
16:01:58 DONE v2_grok_4_5 — ok exit=0 tokens=506600 cost=$0.4252
16:01:58 === WAVE sprint 04_reports complete ===
15:47:13 === WAVE sprint 04_reports : 9 models ===
15:47:13 RUN  v2_claude_sonnet_4_6 sprint 04_reports ...
15:54:29 DONE v2_claude_sonnet_4_6 — ok exit=0 tokens=1504126 cost=$1.21419215
15:54:29 RUN  v2_deepseek_v4_pro sprint 04_reports ...
16:04:22 DONE v2_deepseek_v4_pro — ok exit=0 tokens=4772673 cost=$0.5274
16:04:22 RUN  v2_deepseek_v4_flash sprint 04_reports ...
16:10:55 DONE v2_deepseek_v4_flash — ok exit=0 tokens=1600831 cost=$0.0291
16:10:55 RUN  v2_deepseek_v4_flash_0731 sprint 04_reports ...
16:38:37 DONE v2_deepseek_v4_flash_0731 — ok exit=0 tokens=7087819 cost=$0.1305
16:38:37 RUN  v2_qwen3_7_max sprint 04_reports ...
16:56:32 DONE v2_qwen3_7_max — ok exit=0 tokens=2559830 cost=$1.2999
16:56:32 RUN  v2_kimi_k2_7_coding sprint 04_reports ...
17:13:17 DONE v2_kimi_k2_7_coding — ok exit=-15 tokens=2994026 cost=$0.5686
17:13:17 RUN  v2_mistral_large_3 sprint 04_reports ...
17:16:29 DONE v2_mistral_large_3 — ok exit=0 tokens=1310983 cost=$0.1252
17:16:29 RUN  v2_minimax_m3 sprint 04_reports ...
17:37:31 DONE v2_minimax_m3 — ok exit=0 tokens=16510012 cost=$1.1609
17:37:31 RUN  v2_gemini_3_1_pro sprint 04_reports ...
17:44:34 DONE v2_gemini_3_1_pro — ok exit=0 tokens=2525769 cost=$1.3904
17:44:34 === WAVE sprint 04_reports complete ===
08:44:49 === WAVE sprint 04_reports : 4 models ===
08:44:49 RUN  v2_qwen3_8_flash sprint 04_reports ...
09:09:38 DONE v2_qwen3_8_flash — ok exit=0 tokens=5469094 cost=$0.1996
09:09:38 RUN  v2_step_3_7_flash sprint 04_reports ...
09:49:53 DONE v2_step_3_7_flash — ok exit=0 tokens=13325747 cost=$0.6473
09:49:53 RUN  v2_mimo_v2_5_pro sprint 04_reports ...
09:56:22 DONE v2_mimo_v2_5_pro — ok exit=1 tokens=951607 cost=$0.0273
09:56:22 RUN  v2_muse_spark_1_3 sprint 04_reports ...
10:06:19 DONE v2_muse_spark_1_3 — ok exit=0 tokens=2209869 cost=$0.5856
10:06:19 === WAVE sprint 04_reports complete ===
17:06:32 === WAVE sprint 04_reports : 2 models ===
17:06:32 RUN  v2_gemini_3_8_flash_high_agy sprint 04_reports ...
17:21:01 DONE v2_gemini_3_8_flash_high_agy — ok exit=0 tokens=0 cost=$None
17:21:01 RUN  v2_gemini_3_1_pro_agy sprint 04_reports ...
17:28:31 DONE v2_gemini_3_1_pro_agy — ok exit=0 tokens=0 cost=$None
17:28:31 === WAVE sprint 04_reports complete ===
20:24:38 === WAVE sprint 04_reports : 1 models ===
20:24:38 RUN  v2_glm_4_7_flash_local sprint 04_reports ...
20:27:30 DONE v2_glm_4_7_flash_local — ok exit=0 tokens=2117206 cost=$0.0
20:27:30 === WAVE sprint 04_reports complete ===
07:50:43 === WAVE sprint 04_reports : 2 models ===
07:50:43 RUN  v2_sakana_fugu_ultra_v2 sprint 04_reports ...
08:43:57 DONE v2_sakana_fugu_ultra_v2 — ok exit=0 tokens=25642903 cost=$22.0127
08:43:57 RUN  v2_nex_n2_5_pro sprint 04_reports ...
09:53:15 DONE v2_nex_n2_5_pro — ok exit=1 tokens=19044049 cost=$0.0
09:53:15 === WAVE sprint 04_reports complete ===
