23:51:25 === WAVE sprint 05_api : 5 models ===
23:51:25 RUN  v2_claude_opus_5 sprint 05_api ...
23:53:56 === WAVE sprint 05_api : 5 models ===
23:53:56 RUN  v2_claude_opus_5 sprint 05_api ...
00:24:01 DONE v2_claude_opus_5 — ok exit=0 tokens=20953320 cost=$15.798558000000002
00:24:01 RUN  v2_claude_opus_4_8 sprint 05_api ...
00:24:49 === WAVE sprint 05_api : 5 models ===
00:24:49 SKIP v2_claude_opus_5 (sprint 05_api already done)
00:24:49 RUN  v2_claude_opus_4_8 sprint 05_api ...
00:28:36 === WAVE sprint 05_api : 5 models ===
00:28:36 SKIP v2_claude_opus_5 (sprint 05_api already done)
00:28:36 RUN  v2_claude_opus_4_8 sprint 05_api ...
00:29:11 === WAVE sprint 05_api : 5 models ===
00:29:11 SKIP v2_claude_opus_5 (sprint 05_api already done)
00:29:11 RUN  v2_claude_opus_4_8 sprint 05_api ...
00:56:11 DONE v2_claude_opus_4_8 — ok exit=0 tokens=9974362 cost=$8.971651999999997
00:56:11 RUN  v2_claude_fable_5_1 sprint 05_api ...
01:23:52 DONE v2_claude_fable_5_1 — ok exit=0 tokens=9508161 cost=$10.798370500000003
01:23:52 RUN  v2_claude_fable_5 sprint 05_api ...
01:33:05 DONE v2_claude_fable_5 — ok exit=0 tokens=3119171 cost=$6.797431999999999
01:33:05 RUN  v2_claude_sonnet_5 sprint 05_api ...
01:54:54 DONE v2_claude_sonnet_5 — ok exit=0 tokens=15529795 cost=$5.150918300000001
01:54:54 === WAVE sprint 05_api complete ===
16:41:06 === WAVE sprint 05_api : 6 models ===
16:41:06 RUN  v2_gpt_5_6_sol sprint 05_api ...
18:11:06 DONE v2_gpt_5_6_sol — ok exit=-15 tokens=0 cost=$0.0
18:11:06 RUN  v2_gpt_5_6_terra sprint 05_api ...
18:29:29 DONE v2_gpt_5_6_terra — ok exit=0 tokens=4978398 cost=$2.1044
18:29:29 RUN  v2_gpt_5_6_luna sprint 05_api ...
18:40:16 DONE v2_gpt_5_6_luna — ok exit=0 tokens=3555903 cost=$0.722
18:40:16 RUN  v2_gpt_5_5 sprint 05_api ...
19:17:57 DONE v2_gpt_5_5 — ok exit=0 tokens=9253801 cost=$7.6787
19:17:57 RUN  v2_gemini_3_7_flash_high sprint 05_api ...
19:35:09 DONE v2_gemini_3_7_flash_high — ok exit=0 tokens=16828596 cost=$2.2125
19:35:09 RUN  v2_grok_4_5 sprint 05_api ...
19:46:21 DONE v2_grok_4_5 — ok exit=0 tokens=1827813 cost=$1.1516
19:46:21 === WAVE sprint 05_api complete ===
18:48:16 === WAVE sprint 05_api : 9 models ===
18:48:16 RUN  v2_claude_sonnet_4_6 sprint 05_api ...
18:54:31 DONE v2_claude_sonnet_4_6 — ok exit=0 tokens=2120093 cost=$1.4795625999999995
18:54:31 RUN  v2_deepseek_v4_pro sprint 05_api ...
19:04:29 DONE v2_deepseek_v4_pro — ok exit=0 tokens=4375075 cost=$0.4671
19:04:29 RUN  v2_deepseek_v4_flash sprint 05_api ...
19:16:53 DONE v2_deepseek_v4_flash — ok exit=0 tokens=5995504 cost=$0.1012
19:16:53 RUN  v2_deepseek_v4_flash_0731 sprint 05_api ...
19:34:01 DONE v2_deepseek_v4_flash_0731 — ok exit=0 tokens=13645885 cost=$0.2483
19:34:01 RUN  v2_qwen3_7_max sprint 05_api ...
19:59:13 DONE v2_qwen3_7_max — ok exit=0 tokens=4056850 cost=$2.361
19:59:13 RUN  v2_kimi_k2_7_coding sprint 05_api ...
20:36:35 DONE v2_kimi_k2_7_coding — ok exit=0 tokens=7930087 cost=$1.475
20:36:35 RUN  v2_mistral_large_3 sprint 05_api ...
21:06:07 DONE v2_mistral_large_3 — ok exit=0 tokens=28125963 cost=$2.0766
21:06:07 RUN  v2_minimax_m3 sprint 05_api ...
21:26:44 DONE v2_minimax_m3 — ok exit=0 tokens=21923741 cost=$1.4753
21:26:44 RUN  v2_gemini_3_1_pro sprint 05_api ...
21:30:50 DONE v2_gemini_3_1_pro — ok exit=1 tokens=1005662 cost=$0.6827
21:30:50 === WAVE sprint 05_api complete ===
10:46:05 === WAVE sprint 05_api : 4 models ===
10:46:05 RUN  v2_qwen3_8_flash sprint 05_api ...
11:09:21 DONE v2_qwen3_8_flash — ok exit=0 tokens=5246799 cost=$0.1621
11:09:21 RUN  v2_step_3_7_flash sprint 05_api ...
11:26:15 DONE v2_step_3_7_flash — ok exit=0 tokens=6900228 cost=$0.33
11:26:15 RUN  v2_mimo_v2_5_pro sprint 05_api ...
11:40:00 DONE v2_mimo_v2_5_pro — ok exit=0 tokens=4960561 cost=$0.0864
11:40:00 RUN  v2_muse_spark_1_3 sprint 05_api ...
12:02:45 DONE v2_muse_spark_1_3 — ok exit=0 tokens=2749790 cost=$0.9542
12:02:45 === WAVE sprint 05_api complete ===
17:34:49 === WAVE sprint 05_api : 2 models ===
17:34:49 RUN  v2_gemini_3_8_flash_high_agy sprint 05_api ...
17:51:16 DONE v2_gemini_3_8_flash_high_agy — ok exit=0 tokens=0 cost=$None
17:51:16 RUN  v2_gemini_3_1_pro_agy sprint 05_api ...
18:51:16 DNF  v2_gemini_3_1_pro_agy — stall_aborted (dropped from remaining sprints)
18:51:16 === WAVE sprint 05_api complete ===
19:43:48 === WAVE sprint 05_api : 1 models ===
19:43:48 RUN  v2_gemini_3_1_pro_agy sprint 05_api ...
19:51:13 DNF  v2_gemini_3_1_pro_agy — exit=1 tokens=0 (crash/auth, no real work) (dropped from remaining sprints)
19:51:13 === WAVE sprint 05_api complete ===
20:36:19 === WAVE sprint 05_api : 1 models ===
20:36:19 RUN  v2_glm_4_7_flash_local sprint 05_api ...
20:39:02 DONE v2_glm_4_7_flash_local — ok exit=0 tokens=3284597 cost=$0.0
20:39:02 === WAVE sprint 05_api complete ===
10:06:38 === WAVE sprint 05_api : 2 models ===
10:06:38 RUN  v2_sakana_fugu_ultra_v2 sprint 05_api ...
11:13:42 DONE v2_sakana_fugu_ultra_v2 — ok exit=0 tokens=23463959 cost=$21.3484
11:13:42 RUN  v2_nex_n2_5_pro sprint 05_api ...
12:43:43 DONE v2_nex_n2_5_pro — ok exit=-15 tokens=10498430 cost=$0.0
12:43:43 === WAVE sprint 05_api complete ===
