21:56:20 === WAVE sprint 06_capstone : 9 models ===
21:56:20 RUN  v2_claude_sonnet_4_6 sprint 06_capstone ...
21:56:20 DNF  v2_claude_sonnet_4_6 — no sprint dir for 06_capstone (dropped from remaining sprints)
21:56:20 RUN  v2_deepseek_v4_pro sprint 06_capstone ...
21:56:20 DNF  v2_deepseek_v4_pro — no sprint dir for 06_capstone (dropped from remaining sprints)
21:56:20 RUN  v2_deepseek_v4_flash sprint 06_capstone ...
21:56:20 DNF  v2_deepseek_v4_flash — no sprint dir for 06_capstone (dropped from remaining sprints)
21:56:20 RUN  v2_deepseek_v4_flash_0731 sprint 06_capstone ...
21:56:20 DNF  v2_deepseek_v4_flash_0731 — no sprint dir for 06_capstone (dropped from remaining sprints)
21:56:20 RUN  v2_qwen3_7_max sprint 06_capstone ...
21:56:20 DNF  v2_qwen3_7_max — no sprint dir for 06_capstone (dropped from remaining sprints)
21:56:20 RUN  v2_kimi_k2_7_coding sprint 06_capstone ...
21:56:20 DNF  v2_kimi_k2_7_coding — no sprint dir for 06_capstone (dropped from remaining sprints)
21:56:20 RUN  v2_mistral_large_3 sprint 06_capstone ...
21:56:21 DNF  v2_mistral_large_3 — no sprint dir for 06_capstone (dropped from remaining sprints)
21:56:21 RUN  v2_minimax_m3 sprint 06_capstone ...
21:56:21 DNF  v2_minimax_m3 — no sprint dir for 06_capstone (dropped from remaining sprints)
21:56:21 RUN  v2_gemini_3_1_pro sprint 06_capstone ...
21:56:21 DNF  v2_gemini_3_1_pro — no sprint dir for 06_capstone (dropped from remaining sprints)
21:56:21 === WAVE sprint 06_capstone complete ===
