02:06:36 === WAVE sprint 06_production : 5 models ===
02:06:36 RUN  v2_claude_opus_5 sprint 06_production ...
02:34:23 DONE v2_claude_opus_5 — ok exit=0 tokens=16211329 cost=$12.501821000000001
02:34:23 RUN  v2_claude_opus_4_8 sprint 06_production ...
02:43:27 DONE v2_claude_opus_4_8 — ok exit=1 tokens=3848783 cost=$3.544447
02:43:27 RUN  v2_claude_fable_5_1 sprint 06_production ...
03:15:49 DONE v2_claude_fable_5_1 — ok exit=0 tokens=11452316 cost=$10.479130000000003
03:15:49 RUN  v2_claude_fable_5 sprint 06_production ...
03:27:01 DONE v2_claude_fable_5 — ok exit=0 tokens=4749227 cost=$8.622855000000001
03:27:01 RUN  v2_claude_sonnet_5 sprint 06_production ...
03:40:57 DONE v2_claude_sonnet_5 — ok exit=0 tokens=12291686 cost=$3.5606316000000002
03:40:57 === WAVE sprint 06_production complete ===
20:47:25 === WAVE sprint 06_production : 6 models ===
20:47:25 RUN  v2_gpt_5_6_sol sprint 06_production ...
22:17:26 DONE v2_gpt_5_6_sol — ok exit=-15 tokens=0 cost=$0.0
22:17:26 RUN  v2_gpt_5_6_terra sprint 06_production ...
22:31:40 DONE v2_gpt_5_6_terra — ok exit=0 tokens=4504839 cost=$1.8781
22:31:40 RUN  v2_gpt_5_6_luna sprint 06_production ...
23:03:29 DONE v2_gpt_5_6_luna — ok exit=0 tokens=20612538 cost=$3.1048
23:03:29 RUN  v2_gpt_5_5 sprint 06_production ...
23:22:12 DONE v2_gpt_5_5 — ok exit=0 tokens=8864784 cost=$7.742
23:22:12 RUN  v2_gemini_3_7_flash_high sprint 06_production ...
23:33:50 DONE v2_gemini_3_7_flash_high — ok exit=0 tokens=14304309 cost=$1.8255
23:33:50 RUN  v2_grok_4_5 sprint 06_production ...
23:40:10 DONE v2_grok_4_5 — ok exit=0 tokens=1774189 cost=$0.7747
23:40:10 === WAVE sprint 06_production complete ===
21:57:20 === WAVE sprint 06_production : 9 models ===
21:57:20 RUN  v2_claude_sonnet_4_6 sprint 06_production ...
22:06:41 DONE v2_claude_sonnet_4_6 — ok exit=0 tokens=5129488 cost=$2.3773101999999993
22:06:41 RUN  v2_deepseek_v4_pro sprint 06_production ...
22:17:58 DONE v2_deepseek_v4_pro — ok exit=0 tokens=6683918 cost=$0.7035
22:17:58 RUN  v2_deepseek_v4_flash sprint 06_production ...
22:34:48 DONE v2_deepseek_v4_flash — ok exit=0 tokens=9168882 cost=$0.1811
22:34:48 RUN  v2_deepseek_v4_flash_0731 sprint 06_production ...
22:46:44 DONE v2_deepseek_v4_flash_0731 — ok exit=0 tokens=17026693 cost=$0.2893
22:46:44 RUN  v2_qwen3_7_max sprint 06_production ...
22:58:07 DONE v2_qwen3_7_max — ok exit=0 tokens=2941849 cost=$1.2838
22:58:07 RUN  v2_kimi_k2_7_coding sprint 06_production ...
23:03:52 DONE v2_kimi_k2_7_coding — ok exit=0 tokens=1064713 cost=$0.2066
23:03:52 RUN  v2_mistral_large_3 sprint 06_production ...
23:13:25 DONE v2_mistral_large_3 — ok exit=0 tokens=8417042 cost=$0.7213
23:13:25 RUN  v2_minimax_m3 sprint 06_production ...
23:43:43 DONE v2_minimax_m3 — ok exit=0 tokens=36358029 cost=$2.3894
23:43:43 RUN  v2_gemini_3_1_pro sprint 06_production ...
23:53:17 DONE v2_gemini_3_1_pro — ok exit=0 tokens=3928706 cost=$1.9303
23:53:17 === WAVE sprint 06_production complete ===
12:23:14 === WAVE sprint 06_production : 4 models ===
12:23:14 RUN  v2_qwen3_8_flash sprint 06_production ...
12:42:31 DONE v2_qwen3_8_flash — ok exit=0 tokens=5119531 cost=$0.1534
12:42:31 RUN  v2_step_3_7_flash sprint 06_production ...
12:54:02 DONE v2_step_3_7_flash — ok exit=0 tokens=9983765 cost=$0.4815
12:54:02 RUN  v2_mimo_v2_5_pro sprint 06_production ...
13:07:24 DONE v2_mimo_v2_5_pro — ok exit=0 tokens=8880680 cost=$0.114
13:07:24 RUN  v2_muse_spark_1_3 sprint 06_production ...
13:30:08 DONE v2_muse_spark_1_3 — ok exit=0 tokens=14089339 cost=$3.2431
13:30:08 === WAVE sprint 06_production complete ===
