04:44:15 === WAVE sprint 07_reveal : 3 models ===
04:44:15 RUN  v2_claude_fable_5_1 sprint 07_reveal ...
04:52:18 DONE v2_claude_fable_5_1 — ok exit=0 tokens=4552129 cost=$5.178195750000001
04:52:18 RUN  v2_claude_sonnet_5 sprint 07_reveal ...
05:07:46 DONE v2_claude_sonnet_5 — ok exit=0 tokens=8430715 cost=$2.7272036000000006
05:07:46 RUN  v2_claude_opus_4_8 sprint 07_reveal ...
05:16:20 DONE v2_claude_opus_4_8 — ok exit=0 tokens=2455286 cost=$2.62313
05:16:20 === WAVE sprint 07_reveal complete ===
00:42:15 === WAVE sprint 07_reveal : 3 models ===
00:42:15 RUN  v2_gpt_5_6_luna sprint 07_reveal ...
01:02:54 DONE v2_gpt_5_6_luna — ok exit=0 tokens=11254672 cost=$1.99
01:02:54 RUN  v2_grok_4_5 sprint 07_reveal ...
01:09:58 DONE v2_grok_4_5 — ok exit=0 tokens=3709902 cost=$1.4747
01:09:58 RUN  v2_gemini_3_7_flash_high sprint 07_reveal ...
01:21:53 DONE v2_gemini_3_7_flash_high — ok exit=0 tokens=19882783 cost=$2.2284
01:21:53 === WAVE sprint 07_reveal complete ===
00:48:08 === WAVE sprint 07_reveal : 9 models ===
00:48:08 RUN  v2_claude_sonnet_4_6 sprint 07_reveal ...
01:03:59 DONE v2_claude_sonnet_4_6 — ok exit=0 tokens=6054231 cost=$3.4157752
01:03:59 RUN  v2_deepseek_v4_pro sprint 07_reveal ...
01:25:04 DONE v2_deepseek_v4_pro — ok exit=0 tokens=7302879 cost=$1.1897
01:25:04 RUN  v2_deepseek_v4_flash sprint 07_reveal ...
01:38:07 DONE v2_deepseek_v4_flash — ok exit=0 tokens=4618791 cost=$0.0992
01:38:07 RUN  v2_deepseek_v4_flash_0731 sprint 07_reveal ...
01:51:21 DONE v2_deepseek_v4_flash_0731 — ok exit=0 tokens=5703871 cost=$0.1178
01:51:21 RUN  v2_qwen3_7_max sprint 07_reveal ...
01:59:13 DONE v2_qwen3_7_max — ok exit=0 tokens=3648564 cost=$1.4882
01:59:13 RUN  v2_kimi_k2_7_coding sprint 07_reveal ...
02:10:42 DONE v2_kimi_k2_7_coding — ok exit=-15 tokens=4024299 cost=$0.7216
02:10:42 RUN  v2_mistral_large_3 sprint 07_reveal ...
02:33:26 DONE v2_mistral_large_3 — ok exit=0 tokens=19494430 cost=$1.5523
02:33:26 RUN  v2_minimax_m3 sprint 07_reveal ...
03:17:09 DONE v2_minimax_m3 — ok exit=0 tokens=40077868 cost=$2.7172
03:17:09 RUN  v2_gemini_3_1_pro sprint 07_reveal ...
03:20:07 DONE v2_gemini_3_1_pro — ok exit=1 tokens=563017 cost=$0.4423
03:20:07 === WAVE sprint 07_reveal complete ===
13:44:45 === WAVE sprint 07_reveal : 4 models ===
13:44:45 RUN  v2_qwen3_8_flash sprint 07_reveal ...
13:49:16 DONE v2_qwen3_8_flash — ok exit=1 tokens=202210 cost=$0.012
13:49:16 RUN  v2_step_3_7_flash sprint 07_reveal ...
13:55:00 DONE v2_step_3_7_flash — ok exit=0 tokens=6075595 cost=$0.2905
13:55:00 RUN  v2_mimo_v2_5_pro sprint 07_reveal ...
14:43:39 DONE v2_mimo_v2_5_pro — ok exit=0 tokens=7032780 cost=$0.1681
14:43:39 RUN  v2_muse_spark_1_3 sprint 07_reveal ...
15:20:48 DONE v2_muse_spark_1_3 — ok exit=0 tokens=14728041 cost=$3.5324
15:20:48 === WAVE sprint 07_reveal complete ===
20:22:47 === WAVE sprint 07_reveal : 1 models ===
20:22:47 RUN  v2_gemini_3_1_pro sprint 07_reveal ...
20:26:36 DONE v2_gemini_3_1_pro — ok exit=1 tokens=1124750 cost=$0.8536
20:26:36 === WAVE sprint 07_reveal complete ===
19:19:55 === WAVE sprint 07_reveal : 1 models ===
19:19:55 RUN  v2_gemini_3_8_flash_high_agy sprint 07_reveal ...
19:41:45 DONE v2_gemini_3_8_flash_high_agy — ok exit=0 tokens=0 cost=$None
19:41:45 === WAVE sprint 07_reveal complete ===
20:53:43 === WAVE sprint 07_reveal : 1 models ===
20:53:43 RUN  v2_glm_4_7_flash_local sprint 07_reveal ...
21:00:04 DONE v2_glm_4_7_flash_local — ok exit=1 tokens=6729449 cost=$0.0
21:00:04 === WAVE sprint 07_reveal complete ===
13:58:09 === WAVE sprint 07_reveal : 2 models ===
13:58:09 RUN  v2_sakana_fugu_ultra_v2 sprint 07_reveal ...
14:26:18 DONE v2_sakana_fugu_ultra_v2 — ok exit=0 tokens=18355221 cost=$14.6592
14:26:18 RUN  v2_nex_n2_5_pro sprint 07_reveal ...
15:33:50 DONE v2_nex_n2_5_pro — ok exit=1 tokens=14070610 cost=$0.0
15:33:50 === WAVE sprint 07_reveal complete ===
